// Jest Snapshot v1, https://goo.gl/fbAQLP

exports[`FormRadioGroup Component should match snapshot 1`] = `
<View
  testID="wrapper"
>
  <View
    style={
      Object {
        "width": "95%",
      }
    }
  >
    <View
      style={
        Object {
          "alignItems": "center",
          "backgroundColor": "#ffffff",
          "borderBottomWidth": 0.5,
          "borderColor": "#bcbbc1",
          "flexDirection": "row",
          "padding": 14,
        }
      }
      testID="padView"
    >
      <View
        style={
          Object {
            "alignItems": "center",
            "flex": 1,
            "flexDirection": "row",
            "height": 30,
            "justifyContent": "space-between",
            "left": "-5.5%",
            "position": "relative",
          }
        }
      >
        <View
          accessibilityRole="checkbox"
          accessibilityState={
            Object {
              "checked": false,
            }
          }
          accessible={true}
          focusable={true}
          onClick={[Function]}
          onResponderGrant={[Function]}
          onResponderMove={[Function]}
          onResponderRelease={[Function]}
          onResponderTerminate={[Function]}
          onResponderTerminationRequest={[Function]}
          onStartShouldSetResponder={[Function]}
          style={
            Object {
              "alignItems": "center",
              "flexDirection": "row",
            }
          }
          testID="checkbox"
        >
          <View>
            <SvgMock
              height={24}
              width={24}
            />
          </View>
          <Text
            style={
              Object {
                "color": "#242424",
                "fontFamily": "SFProText-Regular",
                "fontSize": 16,
                "fontWeight": "400",
                "lineHeight": 18.75,
                "marginLeft": 8,
              }
            }
            testID="checkboxTitle"
          >
            random
          </Text>
        </View>
      </View>
    </View>
  </View>
</View>
`;
