// Jest Snapshot v1, https://goo.gl/fbAQLP

exports[`BottomSheet Component should match snapshot 1`] = `
<View
  testID="wrapper"
>
  <Modal
    animationType="none"
    hardwareAccelerated={false}
    onRequestClose={[Function]}
    supportedOrientations={
      Array [
        "portrait",
        "portrait-upside-down",
        "landscape",
        "landscape-left",
        "landscape-right",
      ]
    }
    transparent={true}
    visible={false}
  >
    <View
      onLayout={[Function]}
      style={
        Array [
          Array [
            Object {
              "backgroundColor": "#00000077",
              "flex": 1,
            },
            undefined,
          ],
          Object {
            "paddingBottom": 0,
          },
        ]
      }
    >
      <View
        accessible={true}
        focusable={true}
        onClick={[Function]}
        onResponderGrant={[Function]}
        onResponderMove={[Function]}
        onResponderRelease={[Function]}
        onResponderTerminate={[Function]}
        onResponderTerminationRequest={[Function]}
        onStartShouldSetResponder={[Function]}
        style={
          Object {
            "backgroundColor": "transparent",
            "flex": 1,
            "opacity": 1,
          }
        }
      />
      <View
        onMoveShouldSetResponder={[Function]}
        onMoveShouldSetResponderCapture={[Function]}
        onResponderEnd={[Function]}
        onResponderGrant={[Function]}
        onResponderMove={[Function]}
        onResponderReject={[Function]}
        onResponderRelease={[Function]}
        onResponderStart={[Function]}
        onResponderTerminate={[Function]}
        onResponderTerminationRequest={[Function]}
        onStartShouldSetResponder={[Function]}
        onStartShouldSetResponderCapture={[Function]}
        style={
          Object {
            "backgroundColor": "#fff",
            "borderTopLeftRadius": 10,
            "borderTopRightRadius": 10,
            "height": 0,
            "overflow": "hidden",
            "padding": 4,
            "transform": Array [
              Object {
                "translateX": 0,
              },
              Object {
                "translateY": 0,
              },
            ],
            "width": "100%",
          }
        }
      >
        <View
          style={
            Object {
              "alignItems": "center",
              "backgroundColor": "transparent",
              "width": "100%",
            }
          }
        >
          <View
            style={
              Array [
                Object {
                  "backgroundColor": "#ccc",
                  "borderRadius": 5,
                  "height": 5,
                  "margin": 10,
                  "width": 35,
                },
                undefined,
              ]
            }
          />
        </View>
        <Text
          style={
            Object {
              "color": "#1C1C1C",
              "fontFamily": "SFProText-Regular",
              "fontSize": 16,
              "fontWeight": "400",
              "lineHeight": 18.75,
            }
          }
        >
          test
        </Text>
      </View>
    </View>
  </Modal>
</View>
`;
