// Jest Snapshot v1, https://goo.gl/fbAQLP

exports[`SearchBar Component should match snapshot 1`] = `
<View
  testID="wrapper"
>
  <View
    style={
      Object {
        "alignItems": "center",
        "backgroundColor": "#ffffff",
        "flexDirection": "row",
        "flexGrow": 1,
        "height": 40,
        "overflow": "hidden",
        "paddingBottom": 0,
        "paddingTop": 0,
        "position": "relative",
        "top": -5,
        "width": 675,
      }
    }
  >
    <View
      style={
        Object {
          "paddingHorizontal": 0,
          "width": "100%",
        }
      }
    >
      <View
        style={
          Object {
            "alignItems": "center",
            "backgroundColor": "#fff",
            "borderBottomWidth": 0,
            "borderColor": "#86939e",
            "borderRadius": 9,
            "flexDirection": "row",
            "marginLeft": 8,
            "marginRight": 8,
            "minHeight": 36,
            "transform": Array [
              Object {
                "translateX": 0,
              },
            ],
          }
        }
      >
        <View
          style={
            Object {
              "alignItems": "center",
              "height": 40,
              "justifyContent": "center",
              "marginLeft": 8,
              "marginVertical": 4,
              "paddingRight": 4,
            }
          }
        >
          <View
            style={
              Object {
                "overflow": "hidden",
              }
            }
          >
            <View>
              <View
                style={
                  Object {
                    "alignItems": "center",
                    "backgroundColor": "transparent",
                    "justifyContent": "center",
                  }
                }
              >
                <Text />
              </View>
            </View>
          </View>
        </View>
        <TextInput
          accessibilityRole="search"
          allowFontScaling={true}
          editable={true}
          lightTheme={false}
          onBlur={[Function]}
          onCancel={[Function]}
          onChangeText={[Function]}
          onFocus={[Function]}
          placeholderTextColor="#7d7d7d"
          platform="ios"
          rejectResponderTermination={true}
          returnKeyType="search"
          round={false}
          style={
            Object {
              "color": "#242424",
              "flex": 1,
              "fontSize": 18,
              "marginLeft": 6,
              "minHeight": 40,
              "overflow": "hidden",
            }
          }
          testID="searchInput"
          underlineColorAndroid="transparent"
          value=""
        />
        <View
          style={
            Object {
              "alignItems": "center",
              "height": 40,
              "justifyContent": "center",
              "marginRight": 8,
              "marginVertical": 4,
              "paddingRight": 4,
            }
          }
        >
          <View
            style={
              Object {
                "flexDirection": "row",
              }
            }
          />
        </View>
      </View>
      <Text
        style={
          Object {
            "color": "#ff190c",
            "fontSize": 12,
            "height": 0,
            "margin": 0,
            "padding": 0,
          }
        }
      />
    </View>
    <View
      onLayout={[Function]}
      style={
        Object {
          "opacity": 0,
          "position": "absolute",
          "right": null,
        }
      }
    >
      <View
        accessibilityRole="button"
        accessible={true}
        focusable={true}
        onClick={[Function]}
        onResponderGrant={[Function]}
        onResponderMove={[Function]}
        onResponderRelease={[Function]}
        onResponderTerminate={[Function]}
        onResponderTerminationRequest={[Function]}
        onStartShouldSetResponder={[Function]}
        style={
          Object {
            "opacity": 1,
          }
        }
      >
        <View
          style={
            Array [
              undefined,
              undefined,
            ]
          }
        >
          <Text
            style={
              Array [
                Object {
                  "color": "#007aff",
                  "fontSize": 18,
                  "padding": 8,
                  "textAlign": "center",
                },
                undefined,
                undefined,
                undefined,
              ]
            }
          >
            
          </Text>
        </View>
      </View>
    </View>
  </View>
</View>
`;
