// Jest Snapshot v1, https://goo.gl/fbAQLP

exports[`Header Component should match snapshot 1`] = `
<View
  testID="wrapper"
>
  <View
    style={
      Object {
        "alignItems": "center",
        "backgroundColor": "#fff",
        "borderBottomColor": "#f2f2f2",
        "borderBottomWidth": 0,
        "flexDirection": "row",
        "justifyContent": "space-between",
        "paddingHorizontal": 10,
        "paddingVertical": 10,
      }
    }
    testID="headerContainer"
  >
    <RNCSafeAreaView
      edges={
        Array [
          "left",
          "top",
          "right",
        ]
      }
      style={
        Object {
          "flexDirection": "row",
          "width": "100%",
        }
      }
    >
      <View
        style={
          Object {
            "alignItems": "flex-start",
            "flex": 1,
          }
        }
      />
      <View
        style={
          Object {
            "alignItems": "center",
            "flex": 3,
          }
        }
      />
      <View
        style={
          Object {
            "alignItems": "flex-end",
            "flex": 1,
          }
        }
      />
    </RNCSafeAreaView>
  </View>
</View>
`;
