// Jest Snapshot v1, https://goo.gl/fbAQLP

exports[`DiscountCoupon Component should match snapshot 1`] = `
<View
  testID="wrapper"
>
  <View
    accessible={true}
    focusable={false}
    onClick={[Function]}
    onResponderGrant={[Function]}
    onResponderMove={[Function]}
    onResponderRelease={[Function]}
    onResponderTerminate={[Function]}
    onResponderTerminationRequest={[Function]}
    onStartShouldSetResponder={[Function]}
    style={
      Object {
        "alignContent": "center",
        "justifyContent": "center",
        "opacity": 1,
        "overflow": "hidden",
        "position": "relative",
      }
    }
  >
    <View>
      <SvgMock
        height={88}
        width={239}
      />
    </View>
    <View
      style={
        Object {
          "flexWrap": "wrap",
          "left": "9%",
          "position": "absolute",
        }
      }
    >
      <Text
        style={
          Object {
            "color": "#0AA351",
            "fontFamily": "SFProText-Bold",
            "fontSize": 24,
            "fontWeight": "500",
            "lineHeight": 28,
            "textAlign": "center",
          }
        }
      >
        P200
      </Text>
      <Text
        style={
          Object {
            "color": "#0AA351",
            "fontFamily": "SFProText-Bold",
            "fontSize": 24,
            "fontWeight": "500",
            "lineHeight": 28,
            "textAlign": "center",
          }
        }
      >
        OFF
      </Text>
    </View>
    <View
      style={
        Object {
          "flexDirection": "column",
          "left": "42%",
          "position": "absolute",
          "top": "20%",
        }
      }
    >
      <Text
        style={
          Object {
            "color": "#1C1C1C",
            "fontFamily": "SFProText-Regular",
            "fontSize": 12,
            "fontWeight": "300",
            "lineHeight": 14.06,
          }
        }
      >
        Minimum Spend
      </Text>
      <Text
        style={
          Object {
            "color": "#1C1C1C",
            "fontFamily": "SFProText-Bold",
            "fontSize": 12,
            "fontWeight": "700",
            "lineHeight": 14.06,
          }
        }
      >
        P200
      </Text>
      <Text
        style={
          Object {
            "color": "#1C1C1C",
            "fontFamily": "SFProText-Regular",
            "fontSize": 12,
            "fontWeight": "300",
            "lineHeight": 14.06,
          }
        }
      >
        Valid until:
      </Text>
      <View
        style={
          Object {
            "flexDirection": "row",
          }
        }
      >
        <Text
          style={
            Object {
              "color": "#1C1C1C",
              "fontFamily": "SFProText-Regular",
              "fontSize": 12,
              "fontWeight": "300",
              "lineHeight": 14.06,
            }
          }
        >
          Nov-20-2021
        </Text>
        <View
          style={
            Object {
              "bottom": 15,
              "left": 5,
              "position": "relative",
              "width": 49,
            }
          }
        >
          <View
            style={
              Array [
                Object {
                  "borderRadius": 3,
                  "overflow": "hidden",
                },
                Object {
                  "borderRadius": 3,
                },
                undefined,
                Object {
                  "backgroundColor": "#fff",
                  "overflow": "visible",
                  "shadowColor": "rgba(0,0,0, .4)",
                  "shadowOffset": Object {
                    "height": 1,
                    "width": 1,
                  },
                  "shadowOpacity": 1,
                  "shadowRadius": 1,
                },
              ]
            }
          >
            <View
              accessibilityRole="button"
              accessibilityState={
                Object {
                  "busy": false,
                  "disabled": false,
                }
              }
              accessible={true}
              focusable={true}
              onClick={[Function]}
              onResponderGrant={[Function]}
              onResponderMove={[Function]}
              onResponderRelease={[Function]}
              onResponderTerminate={[Function]}
              onResponderTerminationRequest={[Function]}
              onStartShouldSetResponder={[Function]}
              style={
                Object {
                  "opacity": 1,
                }
              }
            >
              <View
                style={
                  Object {
                    "alignItems": "center",
                    "backgroundColor": "#0AA351",
                    "borderColor": "#2089dc",
                    "borderRadius": 3,
                    "borderWidth": 0,
                    "flexDirection": "row",
                    "height": 32,
                    "justifyContent": "center",
                    "overflow": "hidden",
                    "padding": 16,
                    "position": "relative",
                  }
                }
              >
                <Text
                  style={
                    Object {
                      "color": "white",
                      "fontSize": 12,
                      "fontWeight": "700",
                      "lineHeight": 14.06,
                      "paddingVertical": 1,
                      "textAlign": "center",
                    }
                  }
                >
                  Claim
                </Text>
              </View>
            </View>
          </View>
        </View>
      </View>
    </View>
  </View>
</View>
`;
