// Jest Snapshot v1, https://goo.gl/fbAQLP

exports[`ListChevron variation two Component should match snapshot 1`] = `
<View
  testID="wrapper"
>
  <View
    accessible={true}
    focusable={true}
    onClick={[Function]}
    onResponderGrant={[Function]}
    onResponderMove={[Function]}
    onResponderRelease={[Function]}
    onResponderTerminate={[Function]}
    onResponderTerminationRequest={[Function]}
    onStartShouldSetResponder={[Function]}
  >
    <View
      style={
        Object {
          "alignItems": "center",
          "backgroundColor": "#ffffff",
          "borderColor": "#bcbbc1",
          "flexDirection": "row",
          "padding": 14,
        }
      }
      testID="padView"
    >
      <View
        accessibilityIgnoresInvertColors={true}
        style={
          Object {
            "backgroundColor": "transparent",
            "overflow": "hidden",
            "position": "relative",
          }
        }
      >
        <Image
          onLoad={[Function]}
          resizeMode="cover"
          source={
            Object {
              "uri": undefined,
            }
          }
          style={
            Object {
              "borderRadius": 100,
              "bottom": 0,
              "height": 32,
              "left": 0,
              "position": "absolute",
              "right": 0,
              "top": 0,
              "width": 32,
            }
          }
          testID="RNE__Image"
          theme={
            Object {
              "colors": Object {
                "black": "#242424",
                "disabled": "hsl(208, 8%, 90%)",
                "divider": "#bcbbc1",
                "error": "#ff190c",
                "grey0": "#393e42",
                "grey1": "#43484d",
                "grey2": "#5e6977",
                "grey3": "#86939e",
                "grey4": "#bdc6cf",
                "grey5": "#e1e8ee",
                "greyOutline": "#bbb",
                "platform": Object {
                  "android": Object {
                    "error": "#f44336",
                    "grey": "rgba(0, 0, 0, 0.54)",
                    "primary": "#2196f3",
                    "searchBg": "#dcdce1",
                    "secondary": "#9C27B0",
                    "success": "#4caf50",
                    "warning": "#ffeb3b",
                  },
                  "default": Object {
                    "error": "#ff3b30",
                    "grey": "#7d7d7d",
                    "primary": "#007aff",
                    "searchBg": "#dcdce1",
                    "secondary": "#5856d6",
                    "success": "#4cd964",
                    "warning": "#ffcc00",
                  },
                  "ios": Object {
                    "error": "#ff3b30",
                    "grey": "#7d7d7d",
                    "primary": "#007aff",
                    "searchBg": "#dcdce1",
                    "secondary": "#5856d6",
                    "success": "#4cd964",
                    "warning": "#ffcc00",
                  },
                  "web": Object {
                    "error": "#ff190c",
                    "grey": "#393e42",
                    "primary": "#2089dc",
                    "searchBg": "#303337",
                    "secondary": "#ca71eb",
                    "success": "#52c41a",
                    "warning": "#faad14",
                  },
                },
                "primary": "#2089dc",
                "searchBg": "#303337",
                "secondary": "#ca71eb",
                "success": "#52c41a",
                "warning": "#faad14",
                "white": "#ffffff",
              },
            }
          }
          transition={true}
          transitionDuration={360}
        />
        <View
          accessibilityElementsHidden={true}
          importantForAccessibility="no-hide-descendants"
          pointerEvents="none"
          style={
            Object {
              "bottom": 0,
              "left": 0,
              "opacity": 1,
              "position": "absolute",
              "right": 0,
              "top": 0,
            }
          }
        >
          <View
            style={
              Object {
                "alignItems": "center",
                "backgroundColor": "#bdbdbd",
                "borderRadius": 100,
                "height": 32,
                "justifyContent": "center",
                "width": 32,
              }
            }
            testID="RNE__Image__placeholder"
          >
            <View
              style={
                Object {
                  "alignItems": "center",
                  "backgroundColor": "transparent",
                  "flex": 1,
                  "justifyContent": "center",
                }
              }
            >
              <ActivityIndicator
                animating={true}
                color="#1C1C1C"
                hidesWhenStopped={true}
                size="small"
              />
            </View>
          </View>
        </View>
        <View
          style={
            Array [
              Object {
                "height": 50,
                "width": 50,
              },
              Object {
                "borderRadius": 100,
                "height": 32,
                "width": 32,
              },
            ]
          }
          testID="RNE__Image__children__container"
        />
      </View>
      <View
        style={
          Object {
            "paddingLeft": 16,
          }
        }
      />
      <View
        style={
          Array [
            Object {
              "alignItems": "flex-start",
              "flex": 1,
              "justifyContent": "center",
            },
            undefined,
          ]
        }
        theme={
          Object {
            "colors": Object {
              "black": "#242424",
              "disabled": "hsl(208, 8%, 90%)",
              "divider": "#bcbbc1",
              "error": "#ff190c",
              "grey0": "#393e42",
              "grey1": "#43484d",
              "grey2": "#5e6977",
              "grey3": "#86939e",
              "grey4": "#bdc6cf",
              "grey5": "#e1e8ee",
              "greyOutline": "#bbb",
              "platform": Object {
                "android": Object {
                  "error": "#f44336",
                  "grey": "rgba(0, 0, 0, 0.54)",
                  "primary": "#2196f3",
                  "searchBg": "#dcdce1",
                  "secondary": "#9C27B0",
                  "success": "#4caf50",
                  "warning": "#ffeb3b",
                },
                "default": Object {
                  "error": "#ff3b30",
                  "grey": "#7d7d7d",
                  "primary": "#007aff",
                  "searchBg": "#dcdce1",
                  "secondary": "#5856d6",
                  "success": "#4cd964",
                  "warning": "#ffcc00",
                },
                "ios": Object {
                  "error": "#ff3b30",
                  "grey": "#7d7d7d",
                  "primary": "#007aff",
                  "searchBg": "#dcdce1",
                  "secondary": "#5856d6",
                  "success": "#4cd964",
                  "warning": "#ffcc00",
                },
                "web": Object {
                  "error": "#ff190c",
                  "grey": "#393e42",
                  "primary": "#2089dc",
                  "searchBg": "#303337",
                  "secondary": "#ca71eb",
                  "success": "#52c41a",
                  "warning": "#faad14",
                },
              },
              "primary": "#2089dc",
              "searchBg": "#303337",
              "secondary": "#ca71eb",
              "success": "#52c41a",
              "warning": "#faad14",
              "white": "#ffffff",
            },
          }
        }
      >
        <Text
          style={
            Object {
              "backgroundColor": "transparent",
              "color": "#1C1C1C",
              "fontSize": 12,
              "fontWeight": "400",
              "lineHeight": 14.06,
            }
          }
          testID="listItemTitle"
        >
          test
        </Text>
        <Text
          style={
            Object {
              "backgroundColor": "transparent",
              "color": "#4F4F4F",
              "fontSize": 12,
              "fontWeight": "300",
              "lineHeight": 14.06,
            }
          }
          testID="listItemTitle"
        >
          
        </Text>
      </View>
      <View
        style={
          Object {
            "paddingLeft": 16,
          }
        }
      />
      <View
        style={
          Object {
            "alignSelf": "center",
            "overflow": "hidden",
          }
        }
      >
        <View>
          <View
            style={
              Object {
                "alignItems": "center",
                "backgroundColor": "transparent",
                "justifyContent": "center",
              }
            }
          >
            <Text />
          </View>
        </View>
      </View>
    </View>
  </View>
</View>
`;
