// Jest Snapshot v1, https://goo.gl/fbAQLP

exports[`Category Component should match snapshot 1`] = `
<View
  testID="wrapper"
>
  <View
    accessible={true}
    focusable={true}
    onBlur={[Function]}
    onClick={[Function]}
    onFocus={[Function]}
    onResponderGrant={[Function]}
    onResponderMove={[Function]}
    onResponderRelease={[Function]}
    onResponderTerminate={[Function]}
    onResponderTerminationRequest={[Function]}
    onStartShouldSetResponder={[Function]}
  >
    <View
      style={
        Object {
          "alignItems": "center",
          "marginBottom": 10,
        }
      }
    >
      <View>
        <SvgMock
          height={65}
          width={65}
        />
      </View>
      <View
        style={
          Object {
            "marginTop": 4,
            "width": 100,
          }
        }
      >
        <Text
          style={
            Object {
              "color": "#1C1C1C",
              "fontFamily": "SFProText-Regular",
              "fontSize": 12,
              "fontWeight": "300",
              "lineHeight": 14.06,
              "textAlign": "center",
            }
          }
        >
          categoryVegetables
        </Text>
      </View>
    </View>
  </View>
</View>
`;
