// Jest Snapshot v1, https://goo.gl/fbAQLP

exports[`ListAction Component should match snapshot 1`] = `
<View
  testID="wrapper"
>
  <View
    style={
      Array [
        Object {
          "alignItems": "center",
          "backgroundColor": "#fff",
          "flexDirection": "row",
          "justifyContent": "center",
          "paddingBottom": 13,
          "paddingLeft": 1,
          "paddingRight": 13,
          "paddingTop": 13,
        },
        undefined,
      ]
    }
  >
    <View
      style={
        Object {
          "flex": 1,
          "justifyContent": "center",
          "marginLeft": 15,
        }
      }
    >
      <Text
        numberOfLines={1}
        style={
          Object {
            "color": "#1C1C1C",
            "fontFamily": "SFProText-Regular",
            "fontSize": 16,
            "fontWeight": "500",
            "lineHeight": 18.75,
          }
        }
      >
        
      </Text>
    </View>
  </View>
</View>
`;
