// Jest Snapshot v1, https://goo.gl/fbAQLP

exports[`IconLabel Component should match snapshot 1`] = `
<View
  testID="wrapper"
>
  <View
    style={
      Array [
        Object {
          "backgroundColor": "#fff",
          "flexDirection": "row",
        },
        undefined,
      ]
    }
  >
    <View>
      <SvgMock
        height={20}
        width={20}
      />
    </View>
    <View
      style={
        Object {
          "justifyContent": "center",
          "marginLeft": 12,
          "marginTop": 2,
        }
      }
    >
      <Text
        style={
          Object {
            "color": "#1C1C1C",
            "fontFamily": "SFProText-Regular",
            "fontSize": 16,
            "fontWeight": "normal",
            "lineHeight": 18.75,
            "marginBottom": 12,
          }
        }
      >
        test
      </Text>
      <Text
        style={
          Object {
            "color": "#1C1C1C",
            "fontFamily": "SFProText-Regular",
            "fontSize": 16,
            "fontWeight": "300",
            "lineHeight": 18.75,
          }
        }
      >
        test
      </Text>
    </View>
  </View>
</View>
`;
