// Jest Snapshot v1, https://goo.gl/fbAQLP

exports[`ListInput variation two Component should match snapshot 1`] = `
<View
  testID="wrapper"
>
  <View>
    <View
      style={
        Object {
          "alignItems": "center",
          "backgroundColor": "#ffffff",
          "borderBottomWidth": 0.5,
          "borderColor": "#bcbbc1",
          "flexDirection": "row",
          "padding": 14,
        }
      }
      testID="padView"
    >
      <View
        style={
          Array [
            Object {
              "alignItems": "flex-start",
              "flex": 1,
              "justifyContent": "center",
            },
            Object {
              "flexDirection": "column",
            },
          ]
        }
        theme={
          Object {
            "colors": Object {
              "black": "#242424",
              "disabled": "hsl(208, 8%, 90%)",
              "divider": "#bcbbc1",
              "error": "#ff190c",
              "grey0": "#393e42",
              "grey1": "#43484d",
              "grey2": "#5e6977",
              "grey3": "#86939e",
              "grey4": "#bdc6cf",
              "grey5": "#e1e8ee",
              "greyOutline": "#bbb",
              "platform": Object {
                "android": Object {
                  "error": "#f44336",
                  "grey": "rgba(0, 0, 0, 0.54)",
                  "primary": "#2196f3",
                  "searchBg": "#dcdce1",
                  "secondary": "#9C27B0",
                  "success": "#4caf50",
                  "warning": "#ffeb3b",
                },
                "default": Object {
                  "error": "#ff3b30",
                  "grey": "#7d7d7d",
                  "primary": "#007aff",
                  "searchBg": "#dcdce1",
                  "secondary": "#5856d6",
                  "success": "#4cd964",
                  "warning": "#ffcc00",
                },
                "ios": Object {
                  "error": "#ff3b30",
                  "grey": "#7d7d7d",
                  "primary": "#007aff",
                  "searchBg": "#dcdce1",
                  "secondary": "#5856d6",
                  "success": "#4cd964",
                  "warning": "#ffcc00",
                },
                "web": Object {
                  "error": "#ff190c",
                  "grey": "#393e42",
                  "primary": "#2089dc",
                  "searchBg": "#303337",
                  "secondary": "#ca71eb",
                  "success": "#52c41a",
                  "warning": "#faad14",
                },
              },
              "primary": "#2089dc",
              "searchBg": "#303337",
              "secondary": "#ca71eb",
              "success": "#52c41a",
              "warning": "#faad14",
              "white": "#ffffff",
            },
          }
        }
      >
        <View
          style={
            Array [
              Object {
                "alignItems": "flex-start",
                "flex": 1,
                "justifyContent": "center",
              },
              Object {
                "alignItems": "center",
                "flexDirection": "row",
              },
            ]
          }
          theme={
            Object {
              "colors": Object {
                "black": "#242424",
                "disabled": "hsl(208, 8%, 90%)",
                "divider": "#bcbbc1",
                "error": "#ff190c",
                "grey0": "#393e42",
                "grey1": "#43484d",
                "grey2": "#5e6977",
                "grey3": "#86939e",
                "grey4": "#bdc6cf",
                "grey5": "#e1e8ee",
                "greyOutline": "#bbb",
                "platform": Object {
                  "android": Object {
                    "error": "#f44336",
                    "grey": "rgba(0, 0, 0, 0.54)",
                    "primary": "#2196f3",
                    "searchBg": "#dcdce1",
                    "secondary": "#9C27B0",
                    "success": "#4caf50",
                    "warning": "#ffeb3b",
                  },
                  "default": Object {
                    "error": "#ff3b30",
                    "grey": "#7d7d7d",
                    "primary": "#007aff",
                    "searchBg": "#dcdce1",
                    "secondary": "#5856d6",
                    "success": "#4cd964",
                    "warning": "#ffcc00",
                  },
                  "ios": Object {
                    "error": "#ff3b30",
                    "grey": "#7d7d7d",
                    "primary": "#007aff",
                    "searchBg": "#dcdce1",
                    "secondary": "#5856d6",
                    "success": "#4cd964",
                    "warning": "#ffcc00",
                  },
                  "web": Object {
                    "error": "#ff190c",
                    "grey": "#393e42",
                    "primary": "#2089dc",
                    "searchBg": "#303337",
                    "secondary": "#ca71eb",
                    "success": "#52c41a",
                    "warning": "#faad14",
                  },
                },
                "primary": "#2089dc",
                "searchBg": "#303337",
                "secondary": "#ca71eb",
                "success": "#52c41a",
                "warning": "#faad14",
                "white": "#ffffff",
              },
            }
          }
        >
          <View
            style={
              Array [
                Object {
                  "alignItems": "flex-start",
                  "flex": 1,
                  "justifyContent": "center",
                },
                Object {
                  "flexDirection": "row",
                  "justifyContent": "flex-start",
                },
              ]
            }
            theme={
              Object {
                "colors": Object {
                  "black": "#242424",
                  "disabled": "hsl(208, 8%, 90%)",
                  "divider": "#bcbbc1",
                  "error": "#ff190c",
                  "grey0": "#393e42",
                  "grey1": "#43484d",
                  "grey2": "#5e6977",
                  "grey3": "#86939e",
                  "grey4": "#bdc6cf",
                  "grey5": "#e1e8ee",
                  "greyOutline": "#bbb",
                  "platform": Object {
                    "android": Object {
                      "error": "#f44336",
                      "grey": "rgba(0, 0, 0, 0.54)",
                      "primary": "#2196f3",
                      "searchBg": "#dcdce1",
                      "secondary": "#9C27B0",
                      "success": "#4caf50",
                      "warning": "#ffeb3b",
                    },
                    "default": Object {
                      "error": "#ff3b30",
                      "grey": "#7d7d7d",
                      "primary": "#007aff",
                      "searchBg": "#dcdce1",
                      "secondary": "#5856d6",
                      "success": "#4cd964",
                      "warning": "#ffcc00",
                    },
                    "ios": Object {
                      "error": "#ff3b30",
                      "grey": "#7d7d7d",
                      "primary": "#007aff",
                      "searchBg": "#dcdce1",
                      "secondary": "#5856d6",
                      "success": "#4cd964",
                      "warning": "#ffcc00",
                    },
                    "web": Object {
                      "error": "#ff190c",
                      "grey": "#393e42",
                      "primary": "#2089dc",
                      "searchBg": "#303337",
                      "secondary": "#ca71eb",
                      "success": "#52c41a",
                      "warning": "#faad14",
                    },
                  },
                  "primary": "#2089dc",
                  "searchBg": "#303337",
                  "secondary": "#ca71eb",
                  "success": "#52c41a",
                  "warning": "#faad14",
                  "white": "#ffffff",
                },
              }
            }
          >
            <Text
              style={
                Object {
                  "color": "#1C1C1C",
                  "fontFamily": "SFProText-Regular",
                  "fontSize": 14,
                  "fontWeight": "400",
                  "lineHeight": 16,
                }
              }
            >
              testLabel
            </Text>
            <Text
              style={
                Object {
                  "color": "#EB4837",
                  "fontFamily": "SFProText-Regular",
                  "fontSize": 16,
                  "fontWeight": "400",
                  "lineHeight": 18.75,
                  "marginLeft": 4,
                }
              }
            >
              *
            </Text>
          </View>
          <View
            style={
              Array [
                Object {
                  "alignItems": "flex-start",
                  "flex": 1,
                  "justifyContent": "center",
                },
                undefined,
              ]
            }
            theme={
              Object {
                "colors": Object {
                  "black": "#242424",
                  "disabled": "hsl(208, 8%, 90%)",
                  "divider": "#bcbbc1",
                  "error": "#ff190c",
                  "grey0": "#393e42",
                  "grey1": "#43484d",
                  "grey2": "#5e6977",
                  "grey3": "#86939e",
                  "grey4": "#bdc6cf",
                  "grey5": "#e1e8ee",
                  "greyOutline": "#bbb",
                  "platform": Object {
                    "android": Object {
                      "error": "#f44336",
                      "grey": "rgba(0, 0, 0, 0.54)",
                      "primary": "#2196f3",
                      "searchBg": "#dcdce1",
                      "secondary": "#9C27B0",
                      "success": "#4caf50",
                      "warning": "#ffeb3b",
                    },
                    "default": Object {
                      "error": "#ff3b30",
                      "grey": "#7d7d7d",
                      "primary": "#007aff",
                      "searchBg": "#dcdce1",
                      "secondary": "#5856d6",
                      "success": "#4cd964",
                      "warning": "#ffcc00",
                    },
                    "ios": Object {
                      "error": "#ff3b30",
                      "grey": "#7d7d7d",
                      "primary": "#007aff",
                      "searchBg": "#dcdce1",
                      "secondary": "#5856d6",
                      "success": "#4cd964",
                      "warning": "#ffcc00",
                    },
                    "web": Object {
                      "error": "#ff190c",
                      "grey": "#393e42",
                      "primary": "#2089dc",
                      "searchBg": "#303337",
                      "secondary": "#ca71eb",
                      "success": "#52c41a",
                      "warning": "#faad14",
                    },
                  },
                  "primary": "#2089dc",
                  "searchBg": "#303337",
                  "secondary": "#ca71eb",
                  "success": "#52c41a",
                  "warning": "#faad14",
                  "white": "#ffffff",
                },
              }
            }
          >
            <View
              style={
                Object {
                  "paddingHorizontal": 0,
                  "width": "100%",
                }
              }
            >
              <View
                style={
                  Object {
                    "alignItems": "center",
                    "backgroundColor": "#fff",
                    "borderBottomWidth": 0,
                    "borderColor": "#4F4F4F",
                    "borderRadius": 3,
                    "borderStyle": "solid",
                    "borderWidth": 0,
                    "flexDirection": "row",
                    "height": 0,
                    "padding": 0,
                    "transform": Array [
                      Object {
                        "translateX": 0,
                      },
                    ],
                  }
                }
              >
                <TextInput
                  allowFontScaling={true}
                  autoCapitalize="none"
                  editable={true}
                  keyboardType="default"
                  numberOfLines={1}
                  onChangeText={[Function]}
                  placeholder="test"
                  placeholderTextColor="#0AA351"
                  rejectResponderTermination={true}
                  returnKeyType="done"
                  style={
                    Object {
                      "color": "#1C1C1C",
                      "flex": 1,
                      "fontSize": 14,
                      "fontWeight": "400",
                      "lineHeight": 16,
                      "minHeight": 40,
                      "textAlign": "right",
                    }
                  }
                  testID="RNE__Input__text-input"
                  underlineColorAndroid="transparent"
                  value=""
                />
              </View>
              <Text
                style={
                  Object {
                    "color": "#ff190c",
                    "display": "none",
                    "fontSize": 12,
                    "margin": 5,
                  }
                }
              />
            </View>
          </View>
        </View>
      </View>
    </View>
  </View>
</View>
`;
