// Jest Snapshot v1, https://goo.gl/fbAQLP

exports[`Card Component should match snapshot 1`] = `
<View
  testID="wrapper"
>
  <View
    accessible={true}
    focusable={false}
    onClick={[Function]}
    onResponderGrant={[Function]}
    onResponderMove={[Function]}
    onResponderRelease={[Function]}
    onResponderTerminate={[Function]}
    onResponderTerminationRequest={[Function]}
    onStartShouldSetResponder={[Function]}
    style={
      Object {
        "backgroundColor": "#ffffff",
        "borderColor": "#e1e8ee",
        "borderWidth": 1,
        "margin": 15,
        "marginBottom": 0,
        "padding": 15,
        "shadowColor": "rgba(0,0,0, .2)",
        "shadowOffset": Object {
          "height": 0,
          "width": 0,
        },
        "shadowOpacity": 1,
        "shadowRadius": 1,
      }
    }
  >
    <View
      style={
        Object {
          "backgroundColor": "transparent",
        }
      }
    >
      <Text
        style={
          Object {
            "color": "#1C1C1C",
            "fontFamily": "SFProText-Regular",
            "fontSize": 16,
            "fontWeight": "400",
            "lineHeight": 18.75,
          }
        }
      >
        test
      </Text>
    </View>
  </View>
</View>
`;
