// Jest Snapshot v1, https://goo.gl/fbAQLP

exports[`OTP Component should match snapshot 1`] = `
<View
  testID="wrapper"
>
  <View
    style={
      Object {
        "flex": 1,
        "flexDirection": "row",
        "height": 50,
        "maxHeight": 50,
      }
    }
  >
    <TextInput
      allowFontScaling={true}
      editable={false}
      rejectResponderTermination={true}
      selectTextOnFocus={false}
      style={
        Array [
          Object {
            "borderBottomColor": "#000",
            "borderBottomWidth": 2,
            "color": "#0C0C0C",
            "fontFamily": "SFProText-Bold",
            "fontSize": 24,
            "fontWeight": "400",
            "lineHeight": 28,
            "marginHorizontal": 5,
            "textAlign": "center",
            "width": 46,
          },
          Object {
            "opacity": 0.5,
          },
        ]
      }
      underlineColorAndroid="transparent"
      value=""
    />
    <TextInput
      allowFontScaling={true}
      editable={false}
      rejectResponderTermination={true}
      selectTextOnFocus={false}
      style={
        Array [
          Object {
            "borderBottomColor": "#000",
            "borderBottomWidth": 2,
            "color": "#0C0C0C",
            "fontFamily": "SFProText-Bold",
            "fontSize": 24,
            "fontWeight": "400",
            "lineHeight": 28,
            "marginHorizontal": 5,
            "textAlign": "center",
            "width": 46,
          },
          Object {
            "opacity": 0.5,
          },
        ]
      }
      underlineColorAndroid="transparent"
      value=""
    />
    <TextInput
      allowFontScaling={true}
      keyboardType="number-pad"
      maxLength={2}
      onChangeText={[Function]}
      rejectResponderTermination={true}
      returnKeyType="done"
      style={
        Object {
          "height": "100%",
          "opacity": 0,
          "position": "absolute",
          "width": "100%",
        }
      }
      underlineColorAndroid="transparent"
    />
  </View>
</View>
`;
