// Jest Snapshot v1, https://goo.gl/fbAQLP

exports[`AccountActions Component should match snapshot 1`] = `
<View
  testID="wrapper"
>
  <View
    style={
      Object {
        "flex": 1,
        "flexDirection": "row",
        "justifyContent": "flex-start",
        "paddingLeft": 8,
        "paddingRight": 8,
      }
    }
  >
    <View
      accessible={true}
      focusable={true}
      onClick={[Function]}
      onResponderGrant={[Function]}
      onResponderMove={[Function]}
      onResponderRelease={[Function]}
      onResponderTerminate={[Function]}
      onResponderTerminationRequest={[Function]}
      onStartShouldSetResponder={[Function]}
      style={
        Object {
          "alignItems": "center",
          "flex": 1,
          "flexDirection": "column",
          "opacity": 1,
        }
      }
    >
      <Text />
      <Text
        style={
          Object {
            "bottom": 5,
            "color": "#1C1C1C",
            "fontFamily": "SFProText-Regular",
            "fontSize": 12,
            "fontWeight": "700",
            "lineHeight": 14.06,
            "marginBottom": 12,
            "position": "absolute",
          }
        }
      >
        To Pay
      </Text>
    </View>
  </View>
</View>
`;
