// Jest Snapshot v1, https://goo.gl/fbAQLP

exports[`Profile variation two Component should match snapshot 1`] = `
<View
  testID="wrapper"
>
  <View
    style={
      Object {
        "position": "relative",
      }
    }
  >
    <View
      accessibilityIgnoresInvertColors={true}
      style={
        Object {
          "height": 293.48,
        }
      }
    >
      <Image
        blurRadius={1}
        source={
          Object {
            "uri": "https://i.imgur.com/0y8Ftya.jpg",
          }
        }
        style={
          Array [
            Object {
              "bottom": 0,
              "left": 0,
              "position": "absolute",
              "right": 0,
              "top": 0,
            },
            Object {
              "height": 293.48,
              "width": undefined,
            },
            undefined,
          ]
        }
      />
      <View
        style={
          Object {
            "margin": 3,
          }
        }
      />
      <View
        style={
          Object {
            "alignItems": "center",
            "backgroundColor": "transparent",
            "borderBottomColor": "#f2f2f2",
            "borderBottomWidth": 0,
            "flexDirection": "row",
            "justifyContent": "space-between",
            "paddingHorizontal": 10,
            "paddingVertical": 10,
          }
        }
        testID="headerContainer"
      >
        <RNCSafeAreaView
          edges={
            Array [
              "left",
              "top",
              "right",
            ]
          }
          style={
            Object {
              "flexDirection": "row",
              "width": "100%",
            }
          }
        >
          <View
            style={
              Object {
                "alignItems": "flex-start",
                "flex": 1,
              }
            }
          >
            <View
              style={
                Object {
                  "alignItems": "flex-start",
                  "overflow": "hidden",
                }
              }
            >
              <View
                accessible={true}
                focusable={true}
                onClick={[Function]}
                onResponderGrant={[Function]}
                onResponderMove={[Function]}
                onResponderRelease={[Function]}
                onResponderTerminate={[Function]}
                onResponderTerminationRequest={[Function]}
                onStartShouldSetResponder={[Function]}
              >
                <View
                  style={
                    Object {
                      "alignItems": "center",
                      "backgroundColor": "transparent",
                      "justifyContent": "center",
                    }
                  }
                >
                  <Text />
                </View>
              </View>
            </View>
          </View>
          <View
            style={
              Object {
                "alignItems": "center",
                "flex": 3,
              }
            }
          />
          <View
            style={
              Object {
                "alignItems": "flex-end",
                "flex": 1,
              }
            }
          >
            <View
              style={
                Object {
                  "flexDirection": "row",
                }
              }
            >
              <View
                accessible={true}
                focusable={true}
                onBlur={[Function]}
                onClick={[Function]}
                onFocus={[Function]}
                onResponderGrant={[Function]}
                onResponderMove={[Function]}
                onResponderRelease={[Function]}
                onResponderTerminate={[Function]}
                onResponderTerminationRequest={[Function]}
                onStartShouldSetResponder={[Function]}
              >
                <View>
                  <SvgMock
                    height={24}
                    style={
                      Object {
                        "marginRight": 14,
                      }
                    }
                    width={24}
                  />
                </View>
              </View>
              <View
                accessible={true}
                focusable={true}
                onBlur={[Function]}
                onClick={[Function]}
                onFocus={[Function]}
                onResponderGrant={[Function]}
                onResponderMove={[Function]}
                onResponderRelease={[Function]}
                onResponderTerminate={[Function]}
                onResponderTerminationRequest={[Function]}
                onStartShouldSetResponder={[Function]}
              >
                <View>
                  <SvgMock
                    height={24}
                    width={24}
                  />
                </View>
              </View>
            </View>
          </View>
        </RNCSafeAreaView>
      </View>
    </View>
    <View
      style={
        Object {
          "left": 28.5,
          "position": "absolute",
          "top": 186.76000000000002,
          "zIndex": 1,
        }
      }
    >
      <View
        accessibilityIgnoresInvertColors={true}
        style={
          Object {
            "backgroundColor": "transparent",
            "overflow": "hidden",
            "position": "relative",
          }
        }
      >
        <Image
          onLoad={[Function]}
          source={
            Object {
              "uri": "https://i.imgur.com/0y8Ftya.jpg",
            }
          }
          style={
            Object {
              "borderColor": "#fff",
              "borderRadius": 100.05,
              "borderWidth": 5,
              "bottom": 0,
              "height": 200.1,
              "left": 0,
              "position": "absolute",
              "right": 0,
              "top": 0,
              "width": 200.1,
            }
          }
          testID="RNE__Image"
          theme={
            Object {
              "colors": Object {
                "black": "#242424",
                "disabled": "hsl(208, 8%, 90%)",
                "divider": "#bcbbc1",
                "error": "#ff190c",
                "grey0": "#393e42",
                "grey1": "#43484d",
                "grey2": "#5e6977",
                "grey3": "#86939e",
                "grey4": "#bdc6cf",
                "grey5": "#e1e8ee",
                "greyOutline": "#bbb",
                "platform": Object {
                  "android": Object {
                    "error": "#f44336",
                    "grey": "rgba(0, 0, 0, 0.54)",
                    "primary": "#2196f3",
                    "searchBg": "#dcdce1",
                    "secondary": "#9C27B0",
                    "success": "#4caf50",
                    "warning": "#ffeb3b",
                  },
                  "default": Object {
                    "error": "#ff3b30",
                    "grey": "#7d7d7d",
                    "primary": "#007aff",
                    "searchBg": "#dcdce1",
                    "secondary": "#5856d6",
                    "success": "#4cd964",
                    "warning": "#ffcc00",
                  },
                  "ios": Object {
                    "error": "#ff3b30",
                    "grey": "#7d7d7d",
                    "primary": "#007aff",
                    "searchBg": "#dcdce1",
                    "secondary": "#5856d6",
                    "success": "#4cd964",
                    "warning": "#ffcc00",
                  },
                  "web": Object {
                    "error": "#ff190c",
                    "grey": "#393e42",
                    "primary": "#2089dc",
                    "searchBg": "#303337",
                    "secondary": "#ca71eb",
                    "success": "#52c41a",
                    "warning": "#faad14",
                  },
                },
                "primary": "#2089dc",
                "searchBg": "#303337",
                "secondary": "#ca71eb",
                "success": "#52c41a",
                "warning": "#faad14",
                "white": "#ffffff",
              },
            }
          }
          transition={true}
          transitionDuration={360}
        />
        <View
          accessibilityElementsHidden={true}
          importantForAccessibility="no-hide-descendants"
          pointerEvents="none"
          style={
            Object {
              "bottom": 0,
              "left": 0,
              "opacity": 1,
              "position": "absolute",
              "right": 0,
              "top": 0,
            }
          }
        >
          <View
            style={
              Object {
                "alignItems": "center",
                "backgroundColor": "#bdbdbd",
                "borderColor": "#fff",
                "borderRadius": 100.05,
                "borderWidth": 5,
                "height": 200.1,
                "justifyContent": "center",
                "width": 200.1,
              }
            }
            testID="RNE__Image__placeholder"
          >
            <View
              style={
                Object {
                  "alignItems": "center",
                  "backgroundColor": "transparent",
                  "flex": 1,
                  "justifyContent": "center",
                }
              }
            >
              <ActivityIndicator
                animating={true}
                color="#1C1C1C"
                hidesWhenStopped={true}
                size="small"
              />
            </View>
          </View>
        </View>
        <View
          style={
            Array [
              Object {
                "height": 50,
                "width": 50,
              },
              Object {
                "borderColor": "#fff",
                "borderRadius": 100.05,
                "borderWidth": 5,
                "height": 200.1,
                "width": 200.1,
              },
            ]
          }
          testID="RNE__Image__children__container"
        />
      </View>
    </View>
    <View
      style={
        Object {
          "backgroundColor": "#fff",
          "paddingHorizontal": 22,
        }
      }
    >
      <View
        style={
          Object {
            "marginVertical": 32,
          }
        }
      />
      <View
        style={
          Object {
            "marginBottom": 10,
            "maxWidth": 320,
          }
        }
      >
        <Text
          style={
            Object {
              "color": "#1C1C1C",
              "fontFamily": "SFProText-Bold",
              "fontSize": 16,
              "fontWeight": "500",
              "lineHeight": 19,
            }
          }
        >
          test
        </Text>
      </View>
      <View
        style={
          Object {
            "flexDirection": "row",
            "marginBottom": 10,
            "width": "70%",
          }
        }
      >
        <View
          style={
            Object {
              "alignItems": "center",
              "flexDirection": "row",
              "marginLeft": -1,
            }
          }
        >
          <View>
            <SvgMock
              height={13}
              style={
                Object {
                  "marginRight": 4,
                }
              }
              width={13}
            />
          </View>
          <Text
            numberOfLines={2}
            style={
              Object {
                "color": "#1C1C1C",
                "fontFamily": "SFProText-Regular",
                "fontSize": 12,
                "fontWeight": "300",
                "lineHeight": 14.06,
              }
            }
          >
            test
          </Text>
        </View>
        <View
          style={
            Object {
              "alignItems": "center",
              "flexDirection": "row",
              "marginLeft": 12,
            }
          }
        >
          <View>
            <SvgMock
              height={8}
              style={
                Object {
                  "marginRight": 4,
                }
              }
              width={8}
            />
          </View>
          <Text
            style={
              Object {
                "color": "#1C1C1C",
                "fontFamily": "SFProText-Bold",
                "fontSize": 12,
                "fontWeight": "700",
                "lineHeight": 14.06,
                "marginLeft": 4,
              }
            }
          >
            Active
          </Text>
        </View>
      </View>
      <View
        style={
          Object {
            "flexDirection": "row",
            "justifyContent": "space-between",
            "marginBottom": 16,
            "marginLeft": 1,
          }
        }
      >
        <View
          style={
            Object {
              "flexDirection": "column",
            }
          }
        >
          <Text
            style={
              Object {
                "color": "#1C1C1C",
                "fontFamily": "SFProText-Bold",
                "fontSize": 12,
                "fontWeight": "700",
                "lineHeight": 14.06,
              }
            }
          >
            2 / 5.0
          </Text>
          <Text
            style={
              Object {
                "color": "#1C1C1C",
                "fontFamily": "SFProText-Regular",
                "fontSize": 12,
                "fontWeight": "300",
                "lineHeight": 14.06,
              }
            }
          >
            Shop Rating
          </Text>
        </View>
        <View
          style={
            Object {
              "flexDirection": "column",
            }
          }
        >
          <Text
            style={
              Object {
                "color": "#1C1C1C",
                "fontFamily": "SFProText-Bold",
                "fontSize": 12,
                "fontWeight": "700",
                "lineHeight": 14.06,
              }
            }
          >
            2
          </Text>
          <Text
            style={
              Object {
                "color": "#1C1C1C",
                "fontFamily": "SFProText-Regular",
                "fontSize": 12,
                "fontWeight": "300",
                "lineHeight": 14.06,
              }
            }
          >
            Followers
          </Text>
        </View>
        <View
          style={
            Object {
              "flexDirection": "column",
            }
          }
        >
          <View
            style={
              Object {
                "marginLeft": 4,
              }
            }
          >
            <Text
              style={
                Object {
                  "color": "#1C1C1C",
                  "fontFamily": "SFProText-Bold",
                  "fontSize": 12,
                  "fontWeight": "700",
                  "lineHeight": 14.06,
                }
              }
            >
              2
            </Text>
          </View>
          <Text
            style={
              Object {
                "color": "#1C1C1C",
                "fontFamily": "SFProText-Regular",
                "fontSize": 12,
                "fontWeight": "300",
                "lineHeight": 14.06,
              }
            }
          >
             Chat Performance
          </Text>
        </View>
      </View>
    </View>
  </View>
</View>
`;
