// Jest Snapshot v1, https://goo.gl/fbAQLP

exports[`Profile variation one Component should match snapshot 1`] = `
<View
  testID="wrapper"
>
  <View
    accessibilityIgnoresInvertColors={true}
    style={
      Object {
        "height": 293.48,
      }
    }
  >
    <Image
      blurRadius={1}
      source={
        Object {
          "uri": "https://i.imgur.com/0y8Ftya.jpg",
        }
      }
      style={
        Array [
          Object {
            "bottom": 0,
            "left": 0,
            "position": "absolute",
            "right": 0,
            "top": 0,
          },
          Object {
            "height": 293.48,
            "width": undefined,
          },
          undefined,
        ]
      }
    />
    <View
      style={
        Object {
          "margin": 3,
        }
      }
    />
    <View
      style={
        Object {
          "alignItems": "center",
          "backgroundColor": "transparent",
          "borderBottomColor": "#f2f2f2",
          "borderBottomWidth": 0,
          "flexDirection": "row",
          "justifyContent": "space-between",
          "paddingHorizontal": 10,
          "paddingVertical": 10,
        }
      }
      testID="headerContainer"
    >
      <RNCSafeAreaView
        edges={
          Array [
            "left",
            "top",
            "right",
          ]
        }
        style={
          Object {
            "flexDirection": "row",
            "width": "100%",
          }
        }
      >
        <View
          style={
            Object {
              "alignItems": "flex-start",
              "flex": 1,
            }
          }
        >
          <View
            style={
              Object {
                "alignItems": "flex-start",
                "overflow": "hidden",
              }
            }
          >
            <View
              accessible={true}
              focusable={true}
              onClick={[Function]}
              onResponderGrant={[Function]}
              onResponderMove={[Function]}
              onResponderRelease={[Function]}
              onResponderTerminate={[Function]}
              onResponderTerminationRequest={[Function]}
              onStartShouldSetResponder={[Function]}
            >
              <View
                style={
                  Object {
                    "alignItems": "center",
                    "backgroundColor": "transparent",
                    "justifyContent": "center",
                  }
                }
              >
                <Text />
              </View>
            </View>
          </View>
        </View>
        <View
          style={
            Object {
              "alignItems": "center",
              "flex": 3,
            }
          }
        >
          <View
            style={
              Object {
                "alignItems": "center",
                "backgroundColor": "#ffffff",
                "flexDirection": "row",
                "flexGrow": 1,
                "height": 40,
                "overflow": "hidden",
                "paddingBottom": 0,
                "paddingTop": 0,
                "position": "relative",
                "top": -5,
                "width": 675,
              }
            }
          >
            <View
              style={
                Object {
                  "paddingHorizontal": 0,
                  "width": "100%",
                }
              }
            >
              <View
                style={
                  Object {
                    "alignItems": "center",
                    "backgroundColor": "#fff",
                    "borderBottomWidth": 0,
                    "borderColor": "#86939e",
                    "borderRadius": 9,
                    "flexDirection": "row",
                    "marginLeft": 8,
                    "marginRight": 8,
                    "minHeight": 36,
                    "transform": Array [
                      Object {
                        "translateX": 0,
                      },
                    ],
                  }
                }
              >
                <View
                  style={
                    Object {
                      "alignItems": "center",
                      "height": 40,
                      "justifyContent": "center",
                      "marginLeft": 8,
                      "marginVertical": 4,
                      "paddingRight": 4,
                    }
                  }
                >
                  <View
                    style={
                      Object {
                        "overflow": "hidden",
                      }
                    }
                  >
                    <View>
                      <View
                        style={
                          Object {
                            "alignItems": "center",
                            "backgroundColor": "transparent",
                            "justifyContent": "center",
                          }
                        }
                      >
                        <Text />
                      </View>
                    </View>
                  </View>
                </View>
                <TextInput
                  accessibilityRole="search"
                  allowFontScaling={true}
                  editable={true}
                  lightTheme={false}
                  onBlur={[Function]}
                  onCancel={[Function]}
                  onChangeText={[Function]}
                  onFocus={[Function]}
                  placeholderTextColor="#7d7d7d"
                  platform="ios"
                  rejectResponderTermination={true}
                  returnKeyType="search"
                  round={false}
                  style={
                    Object {
                      "color": "#242424",
                      "flex": 1,
                      "fontSize": 18,
                      "marginLeft": 6,
                      "minHeight": 40,
                      "overflow": "hidden",
                    }
                  }
                  testID="searchInput"
                  underlineColorAndroid="transparent"
                  value=""
                />
                <View
                  style={
                    Object {
                      "alignItems": "center",
                      "height": 40,
                      "justifyContent": "center",
                      "marginRight": 8,
                      "marginVertical": 4,
                      "paddingRight": 4,
                    }
                  }
                >
                  <View
                    style={
                      Object {
                        "flexDirection": "row",
                      }
                    }
                  />
                </View>
              </View>
              <Text
                style={
                  Object {
                    "color": "#ff190c",
                    "fontSize": 12,
                    "height": 0,
                    "margin": 0,
                    "padding": 0,
                  }
                }
              />
            </View>
            <View
              onLayout={[Function]}
              style={
                Object {
                  "opacity": 0,
                  "position": "absolute",
                  "right": null,
                }
              }
            >
              <View
                accessibilityRole="button"
                accessible={true}
                focusable={true}
                onClick={[Function]}
                onResponderGrant={[Function]}
                onResponderMove={[Function]}
                onResponderRelease={[Function]}
                onResponderTerminate={[Function]}
                onResponderTerminationRequest={[Function]}
                onStartShouldSetResponder={[Function]}
                style={
                  Object {
                    "opacity": 1,
                  }
                }
              >
                <View
                  style={
                    Array [
                      undefined,
                      undefined,
                    ]
                  }
                >
                  <Text
                    style={
                      Array [
                        Object {
                          "color": "#007aff",
                          "fontSize": 18,
                          "padding": 8,
                          "textAlign": "center",
                        },
                        undefined,
                        undefined,
                        undefined,
                      ]
                    }
                  >
                    
                  </Text>
                </View>
              </View>
            </View>
          </View>
        </View>
        <View
          style={
            Object {
              "alignItems": "flex-end",
              "flex": 1,
            }
          }
        >
          <View
            style={
              Object {
                "alignItems": "flex-end",
                "overflow": "hidden",
              }
            }
          >
            <View
              icon="more-horiz"
            >
              <View
                style={
                  Object {
                    "alignItems": "center",
                    "backgroundColor": "transparent",
                    "justifyContent": "center",
                  }
                }
              >
                <Text />
              </View>
            </View>
          </View>
        </View>
      </RNCSafeAreaView>
    </View>
  </View>
  <View
    style={
      Object {
        "left": 28.5,
        "position": "absolute",
        "top": 186.76000000000002,
        "zIndex": 1,
      }
    }
  >
    <View
      accessibilityIgnoresInvertColors={true}
      style={
        Object {
          "backgroundColor": "transparent",
          "overflow": "hidden",
          "position": "relative",
        }
      }
    >
      <Image
        onLoad={[Function]}
        resizeMode="contain"
        source={
          Object {
            "uri": "https://i.imgur.com/0y8Ftya.jpg",
          }
        }
        style={
          Object {
            "borderColor": "#fff",
            "borderRadius": 100.05,
            "borderWidth": 5,
            "bottom": 0,
            "height": 200.1,
            "left": 0,
            "position": "absolute",
            "right": 0,
            "top": 0,
            "width": 200.1,
          }
        }
        testID="RNE__Image"
        theme={
          Object {
            "colors": Object {
              "black": "#242424",
              "disabled": "hsl(208, 8%, 90%)",
              "divider": "#bcbbc1",
              "error": "#ff190c",
              "grey0": "#393e42",
              "grey1": "#43484d",
              "grey2": "#5e6977",
              "grey3": "#86939e",
              "grey4": "#bdc6cf",
              "grey5": "#e1e8ee",
              "greyOutline": "#bbb",
              "platform": Object {
                "android": Object {
                  "error": "#f44336",
                  "grey": "rgba(0, 0, 0, 0.54)",
                  "primary": "#2196f3",
                  "searchBg": "#dcdce1",
                  "secondary": "#9C27B0",
                  "success": "#4caf50",
                  "warning": "#ffeb3b",
                },
                "default": Object {
                  "error": "#ff3b30",
                  "grey": "#7d7d7d",
                  "primary": "#007aff",
                  "searchBg": "#dcdce1",
                  "secondary": "#5856d6",
                  "success": "#4cd964",
                  "warning": "#ffcc00",
                },
                "ios": Object {
                  "error": "#ff3b30",
                  "grey": "#7d7d7d",
                  "primary": "#007aff",
                  "searchBg": "#dcdce1",
                  "secondary": "#5856d6",
                  "success": "#4cd964",
                  "warning": "#ffcc00",
                },
                "web": Object {
                  "error": "#ff190c",
                  "grey": "#393e42",
                  "primary": "#2089dc",
                  "searchBg": "#303337",
                  "secondary": "#ca71eb",
                  "success": "#52c41a",
                  "warning": "#faad14",
                },
              },
              "primary": "#2089dc",
              "searchBg": "#303337",
              "secondary": "#ca71eb",
              "success": "#52c41a",
              "warning": "#faad14",
              "white": "#ffffff",
            },
          }
        }
        transition={true}
        transitionDuration={360}
      />
      <View
        accessibilityElementsHidden={true}
        importantForAccessibility="no-hide-descendants"
        pointerEvents="none"
        style={
          Object {
            "bottom": 0,
            "left": 0,
            "opacity": 1,
            "position": "absolute",
            "right": 0,
            "top": 0,
          }
        }
      >
        <View
          style={
            Object {
              "alignItems": "center",
              "backgroundColor": "#bdbdbd",
              "borderColor": "#fff",
              "borderRadius": 100.05,
              "borderWidth": 5,
              "height": 200.1,
              "justifyContent": "center",
              "width": 200.1,
            }
          }
          testID="RNE__Image__placeholder"
        >
          <View
            style={
              Object {
                "alignItems": "center",
                "backgroundColor": "transparent",
                "flex": 1,
                "justifyContent": "center",
              }
            }
          >
            <ActivityIndicator
              animating={true}
              color="#1C1C1C"
              hidesWhenStopped={true}
              size="small"
            />
          </View>
        </View>
      </View>
      <View
        style={
          Array [
            Object {
              "height": 50,
              "width": 50,
            },
            Object {
              "borderColor": "#fff",
              "borderRadius": 100.05,
              "borderWidth": 5,
              "height": 200.1,
              "width": 200.1,
            },
          ]
        }
        testID="RNE__Image__children__container"
      />
    </View>
  </View>
  <View
    style={
      Object {
        "backgroundColor": "#fff",
        "borderBottomColor": "#ECECEC",
        "borderBottomWidth": 1,
        "height": 306.82,
        "zIndex": 0,
      }
    }
  >
    <View
      style={
        Array [
          Object {
            "borderRadius": 3,
            "overflow": "hidden",
          },
          Object {
            "borderRadius": 3,
          },
          undefined,
          Object {
            "backgroundColor": "#fff",
            "overflow": "visible",
            "shadowColor": "rgba(0,0,0, .4)",
            "shadowOffset": Object {
              "height": 1,
              "width": 1,
            },
            "shadowOpacity": 1,
            "shadowRadius": 1,
          },
        ]
      }
    >
      <View
        accessibilityRole="button"
        accessibilityState={
          Object {
            "busy": false,
            "disabled": false,
          }
        }
        accessible={true}
        focusable={true}
        onClick={[Function]}
        onResponderGrant={[Function]}
        onResponderMove={[Function]}
        onResponderRelease={[Function]}
        onResponderTerminate={[Function]}
        onResponderTerminationRequest={[Function]}
        onStartShouldSetResponder={[Function]}
        style={
          Object {
            "opacity": 1,
          }
        }
      >
        <View
          style={
            Object {
              "alignItems": "center",
              "backgroundColor": "#ECECEC",
              "borderColor": "#2089dc",
              "borderRadius": 3,
              "borderWidth": 0,
              "flexDirection": "row",
              "height": 66.7,
              "justifyContent": "center",
              "overflow": "hidden",
              "padding": 16,
              "position": "absolute",
              "right": 145,
              "top": 13,
              "width": 225,
            }
          }
        >
          <View>
            <SvgMock
              height={16}
              style={
                Object {
                  "left": 25,
                  "position": "absolute",
                }
              }
              width={16}
            />
          </View>
          <Text
            style={
              Object {
                "alignSelf": "center",
                "color": "#1C1C1C",
                "fontSize": 12,
                "fontWeight": "700",
                "left": 50,
                "lineHeight": 14.06,
                "paddingVertical": 1,
                "position": "absolute",
                "textAlign": "center",
              }
            }
          >
            Chat
          </Text>
        </View>
      </View>
    </View>
    <View
      style={
        Array [
          Object {
            "borderRadius": 3,
            "overflow": "hidden",
          },
          Object {
            "borderRadius": 3,
          },
          undefined,
          Object {
            "backgroundColor": "#fff",
            "overflow": "visible",
            "shadowColor": "rgba(0,0,0, .4)",
            "shadowOffset": Object {
              "height": 1,
              "width": 1,
            },
            "shadowOpacity": 1,
            "shadowRadius": 1,
          },
        ]
      }
    >
      <View
        accessibilityRole="button"
        accessibilityState={
          Object {
            "busy": false,
            "disabled": false,
          }
        }
        accessible={true}
        focusable={true}
        onClick={[Function]}
        onResponderGrant={[Function]}
        onResponderMove={[Function]}
        onResponderRelease={[Function]}
        onResponderTerminate={[Function]}
        onResponderTerminationRequest={[Function]}
        onStartShouldSetResponder={[Function]}
        style={
          Object {
            "opacity": 1,
          }
        }
      >
        <View
          style={
            Object {
              "alignItems": "center",
              "backgroundColor": "#0AA351",
              "borderColor": "#2089dc",
              "borderRadius": 3,
              "borderWidth": 0,
              "flexDirection": "row",
              "height": 66.7,
              "justifyContent": "center",
              "overflow": "hidden",
              "padding": 16,
              "position": "absolute",
              "right": 45,
              "top": 13.34,
              "width": 225,
            }
          }
        >
          <View>
            <SvgMock
              height={16}
              style={
                Object {
                  "left": 37.5,
                  "position": "absolute",
                }
              }
              width={16}
            />
          </View>
          <Text
            style={
              Object {
                "alignSelf": "center",
                "color": "white",
                "fontSize": 12,
                "fontWeight": "700",
                "left": 90,
                "lineHeight": 14.06,
                "paddingVertical": 1,
                "position": "absolute",
                "textAlign": "center",
              }
            }
          >
            Chat
          </Text>
        </View>
      </View>
    </View>
    <View
      style={
        Object {
          "left": 33.75,
          "paddingRight": 18,
          "position": "relative",
          "top": 113.39000000000001,
        }
      }
    >
      <Text
        style={
          Object {
            "color": "#1C1C1C",
            "fontFamily": "SFProText-Bold",
            "fontSize": 16,
            "fontWeight": "500",
            "lineHeight": 19,
          }
        }
      >
        test
      </Text>
    </View>
    <View
      style={
        Object {
          "flexDirection": "row",
          "left": 33.75,
          "position": "relative",
          "top": 133.4,
        }
      }
    >
      <Text
        style={
          Object {
            "color": "#1C1C1C",
            "fontFamily": "SFProText-Regular",
            "fontSize": 12,
            "fontWeight": "300",
            "lineHeight": 14.06,
          }
        }
      >
        test
      </Text>
      <View
        style={
          Object {
            "alignItems": "center",
            "flexDirection": "row",
            "marginLeft": 12,
          }
        }
      >
        <View>
          <SvgMock
            height={8}
            style={
              Object {
                "marginRight": 4,
              }
            }
            width={8}
          />
        </View>
        <Text
          style={
            Object {
              "color": "#1C1C1C",
              "fontFamily": "SFProText-Bold",
              "fontSize": 12,
              "fontWeight": "700",
              "lineHeight": 14.06,
              "marginLeft": 4,
            }
          }
        >
          Active
        </Text>
      </View>
    </View>
    <View
      style={
        Object {
          "flexDirection": "row",
          "justifyContent": "space-between",
          "marginBottom": 16,
          "marginLeft": 1,
        }
      }
    >
      <View
        style={
          Object {
            "flexDirection": "column",
          }
        }
      >
        <Text
          style={
            Object {
              "color": "#1C1C1C",
              "fontFamily": "SFProText-Bold",
              "fontSize": 12,
              "fontWeight": "700",
              "lineHeight": 14.06,
            }
          }
        >
          2 / 5.0
        </Text>
        <Text
          style={
            Object {
              "color": "#1C1C1C",
              "fontFamily": "SFProText-Regular",
              "fontSize": 12,
              "fontWeight": "300",
              "lineHeight": 14.06,
            }
          }
        >
          Shop Rating
        </Text>
      </View>
      <View
        style={
          Object {
            "flexDirection": "column",
          }
        }
      >
        <Text
          style={
            Object {
              "color": "#1C1C1C",
              "fontFamily": "SFProText-Bold",
              "fontSize": 12,
              "fontWeight": "700",
              "lineHeight": 14.06,
            }
          }
        >
          2
        </Text>
        <Text
          style={
            Object {
              "color": "#1C1C1C",
              "fontFamily": "SFProText-Regular",
              "fontSize": 12,
              "fontWeight": "300",
              "lineHeight": 14.06,
            }
          }
        >
          Followers
        </Text>
      </View>
      <View
        style={
          Object {
            "flexDirection": "column",
          }
        }
      >
        <Text
          style={
            Object {
              "color": "#1C1C1C",
              "fontFamily": "SFProText-Bold",
              "fontSize": 12,
              "fontWeight": "700",
              "lineHeight": 14.06,
            }
          }
        >
          2
        </Text>
        <Text
          style={
            Object {
              "color": "#1C1C1C",
              "fontFamily": "SFProText-Regular",
              "fontSize": 12,
              "fontWeight": "300",
              "lineHeight": 14.06,
            }
          }
        >
           Chat Performance
        </Text>
      </View>
    </View>
  </View>
</View>
`;
