// Jest Snapshot v1, https://goo.gl/fbAQLP

exports[`Checkbox Component should match snapshot 1`] = `
<View
  testID="wrapper"
>
  <View
    accessibilityRole="checkbox"
    accessibilityState={
      Object {
        "checked": false,
      }
    }
    accessible={true}
    focusable={true}
    onClick={[Function]}
    onResponderGrant={[Function]}
    onResponderMove={[Function]}
    onResponderRelease={[Function]}
    onResponderTerminate={[Function]}
    onResponderTerminationRequest={[Function]}
    onStartShouldSetResponder={[Function]}
    style={
      Object {
        "alignItems": "center",
        "flexDirection": "row",
      }
    }
    testID="checkbox"
  >
    <View>
      <SvgMock
        height={24}
        width={24}
      />
    </View>
    <Text
      style={
        Object {
          "color": "#242424",
          "fontFamily": "SFProText-Regular",
          "fontSize": 16,
          "fontWeight": "400",
          "lineHeight": 18.75,
          "marginLeft": 8,
        }
      }
      testID="checkboxTitle"
    >
      test
    </Text>
  </View>
</View>
`;
