// Jest Snapshot v1, https://goo.gl/fbAQLP

exports[`Loading Component should match snapshot 1`] = `
<View
  testID="wrapper"
>
  <View
    style={
      Object {
        "alignItems": "center",
        "backgroundColor": "transparent",
        "flex": 1,
        "justifyContent": "center",
      }
    }
  >
    <ActivityIndicator
      animating={true}
      color="#1C1C1C"
      hidesWhenStopped={true}
      size="small"
    />
  </View>
</View>
`;
