// Jest Snapshot v1, https://goo.gl/fbAQLP

exports[`FilterButton Component should match snapshot 1`] = `
<View
  testID="wrapper"
>
  <View
    style={
      Array [
        Object {
          "borderRadius": 3,
          "overflow": "hidden",
        },
        Object {
          "borderRadius": 3,
        },
        Array [
          Object {
            "margin": 10,
          },
          undefined,
        ],
        false,
      ]
    }
  >
    <View
      accessibilityRole="button"
      accessibilityState={
        Object {
          "busy": false,
          "disabled": false,
        }
      }
      accessible={true}
      focusable={true}
      onClick={[Function]}
      onResponderGrant={[Function]}
      onResponderMove={[Function]}
      onResponderRelease={[Function]}
      onResponderTerminate={[Function]}
      onResponderTerminationRequest={[Function]}
      onStartShouldSetResponder={[Function]}
      style={
        Object {
          "opacity": 1,
        }
      }
    >
      <View
        style={
          Object {
            "alignItems": "center",
            "backgroundColor": "#F2F3F7",
            "borderColor": "#F2F3F7",
            "borderRadius": 3,
            "borderWidth": 2,
            "flexDirection": "row-reverse",
            "justifyContent": "center",
            "padding": 8,
          }
        }
      >
        <Text
          style={
            Object {
              "color": "#000",
              "fontSize": 10,
              "paddingLeft": 0,
              "paddingVertical": 1,
              "textAlign": "center",
            }
          }
        >
          test
        </Text>
      </View>
    </View>
  </View>
</View>
`;
