// Jest Snapshot v1, https://goo.gl/fbAQLP

exports[`Icon Component should match snapshot 1`] = `
<View
  testID="wrapper"
>
  <View>
    <SvgMock
      height={20}
      width={20}
    />
  </View>
</View>
`;
